BRIDGE[4]: inactive by AJIT_ACTIVE_THREADS=1
BRIDGE[5]: inactive by AJIT_ACTIVE_THREADS=1
BRIDGE: using init_pc=0x00000000
BRIDGE[2]: inactive by AJIT_ACTIVE_THREADS=1
BRIDGE[3]: inactive by AJIT_ACTIVE_THREADS=1
BRIDGE: active thread slots=1
BRIDGE[6]: inactive by AJIT_ACTIVE_THREADS=1
BRIDGE: active thread slots=1
BRIDGE[7]: inactive by AJIT_ACTIVE_THREADS=1
Info: made icache number_of_lines=512, log_number_of_lines=9
Info: made dcache number_of_lines=512, log_number_of_lines=9
Info: made icache number_of_lines=512, log_number_of_lines=9
Info: made dcache number_of_lines=512, log_number_of_lines=9
Info: made icache number_of_lines=512, log_number_of_lines=9
Info: made dcache number_of_lines=512, log_number_of_lines=9
Info: made icache number_of_lines=512, log_number_of_lines=9
Info: made dcache number_of_lines=512, log_number_of_lines=9
STEP-TASK-BEG c0 t0 sim=0 phase=0 pc=0x00000000 npc=0x00000000
BRIDGE[1]: inactive by AJIT_ACTIVE_THREADS=1
STEP-TASK-END c0 t0 sim=0 inst=0x9c103000 next_pc=0x00000004
BRIDGE[0]: real ajit_thread_step active
STEP-TASK-BEG c0 t0 sim=15 phase=1 pc=0x00000004 npc=0x00000008
